[C:/Users/أبو الوليد/Desktop/2222/halid/backblue.gif]
[C:/Users/أبو الوليد/Desktop/2222/halid/fade.gif]
[C:/Users/أبو الوليد/Desktop/2222/halid/index.html]
[C:/Users/أبو الوليد/Desktop/2222/halid/dellta-car.com/wp-content/themes/astra/assets/fonts/astra.woff]
[C:/Users/أبو الوليد/Desktop/2222/halid/dellta-car.com/wp-json/wp/v2/pages/12.json]
[C:/Users/أبو الوليد/Desktop/2222/halid/dellta-car.com/wp-includes/wlwmanifest.xml]
[C:/Users/أبو الوليد/Desktop/2222/halid/dellta-car.com/wp-json/oembed/1.0/embed069b069b.json]
[C:/Users/أبو الوليد/Desktop/2222/halid/dellta-car.com/img/logo.png]
[C:/Users/أبو الوليد/Desktop/2222/halid/dellta-car.com/wp-content/uploads/elementor/thumbs/break-service-p6ov6ojwylb2l23zp7p1c4cq2cxxrsapo6ljbyhmsu.png]
[C:/Users/أبو الوليد/Desktop/2222/halid/dellta-car.com/wp-content/uploads/elementor/thumbs/manual7-p7z4wl0al03tfkajyayrufn6j6nab1rpvu778kg71q.png]
[C:/Users/أبو الوليد/Desktop/2222/halid/dellta-car.com/wp-content/uploads/elementor/thumbs/chassis-p6ow249lj4cavkg44svuq6rpa9zv7d3jbs2553vmpa.png]
[C:/Users/أبو الوليد/Desktop/2222/halid/dellta-car.com/wp-content/uploads/elementor/thumbs/fix-sign-p6ow8n98zp9zi2ys0mgl1jgxsltmnp0fk35j4a77hq.png]
[C:/Users/أبو الوليد/Desktop/2222/halid/dellta-car.com/wp-content/themes/astra/assets/js/minified/style.min3b713b71.js]
[C:/Users/أبو الوليد/Desktop/2222/halid/dellta-car.com/wp-includes/js/wp-embed.min080f080f.js]
[C:/Users/أبو الوليد/Desktop/2222/halid/dellta-car.com/wp-includes/js/jquery/jquery.minaf6caf6c.js]
[C:/Users/أبو الوليد/Desktop/2222/halid/dellta-car.com/wp-includes/js/jquery/jquery-migrate.mind617d617.js]
[C:/Users/أبو الوليد/Desktop/2222/halid/dellta-car.com/wp-content/plugins/elementor-pro/assets/lib/smartmenus/jquery.smartmenus.minf269f269.js]
[C:/Users/أبو الوليد/Desktop/2222/halid/dellta-car.com/wp-includes/js/imagesloaded.mineda1eda1.js]
[C:/Users/أبو الوليد/Desktop/2222/halid/dellta-car.com/wp-content/plugins/elementor/assets/js/frontend-modules.min7c537c53.js]
[C:/Users/أبو الوليد/Desktop/2222/halid/dellta-car.com/wp-content/plugins/elementor-pro/assets/lib/sticky/jquery.sticky.minc27bc27b.js]
[C:/Users/أبو الوليد/Desktop/2222/halid/dellta-car.com/wp-content/plugins/elementor-pro/assets/js/frontend.minc27bc27b.js]
[C:/Users/أبو الوليد/Desktop/2222/halid/dellta-car.com/wp-includes/js/jquery/ui/core.min35d035d0.js]
[C:/Users/أبو الوليد/Desktop/2222/halid/dellta-car.com/wp-content/plugins/elementor/assets/lib/dialog/dialog.minae9eae9e.js]
[C:/Users/أبو الوليد/Desktop/2222/halid/dellta-car.com/wp-content/plugins/elementor/assets/lib/waypoints/waypoints.min05da05da.js]
[C:/Users/أبو الوليد/Desktop/2222/halid/dellta-car.com/wp-content/plugins/elementor/assets/lib/swiper/swiper.min48f548f5.js]
[C:/Users/أبو الوليد/Desktop/2222/halid/dellta-car.com/wp-content/plugins/elementor/assets/lib/share-link/share-link.min7c537c53.js]
[C:/Users/أبو الوليد/Desktop/2222/halid/dellta-car.com/wp-content/plugins/elementor/assets/js/frontend.min7c537c53.js]
[C:/Users/أبو الوليد/Desktop/2222/halid/dellta-car.com/wp-includes/js/underscore.min00280028.js]
[C:/Users/أبو الوليد/Desktop/2222/halid/dellta-car.com/wp-includes/js/wp-util.min080f080f.js]
[C:/Users/أبو الوليد/Desktop/2222/halid/dellta-car.com/wp-content/plugins/wpforms-lite/assets/js/integrations/elementor/frontend.minedf0edf0.js]
[C:/Users/أبو الوليد/Desktop/2222/halid/dellta-car.com/index.html]
[C:/Users/أبو الوليد/Desktop/2222/halid/dellta-car.com/index-2.html]
[C:/Users/أبو الوليد/Desktop/2222/halid/dellta-car.com/feed/index.html]
[C:/Users/أبو الوليد/Desktop/2222/halid/dellta-car.com/comments/feed/index.html]
[C:/Users/أبو الوليد/Desktop/2222/halid/dellta-car.com/wp-content/themes/astra/assets/css/minified/style.min-rtl3b713b71.css]
[C:/Users/أبو الوليد/Desktop/2222/halid/dellta-car.com/wp-content/themes/astra/assets/css/minified/menu-animation.min3b713b71.css]
[C:/Users/أبو الوليد/Desktop/2222/halid/dellta-car.com/wp-includes/css/dist/block-library/style-rtl.min080f080f.css]
[C:/Users/أبو الوليد/Desktop/2222/halid/dellta-car.com/wp-content/plugins/elementor/assets/lib/eicons/fonts/eiconsf884f884.eot]
[C:/Users/أبو الوليد/Desktop/2222/halid/dellta-car.com/wp-content/plugins/elementor/assets/lib/eicons/fonts/eiconsf884f884.woff2]
[C:/Users/أبو الوليد/Desktop/2222/halid/dellta-car.com/wp-content/plugins/elementor/assets/lib/eicons/fonts/eiconsf884f884.woff]
[C:/Users/أبو الوليد/Desktop/2222/halid/dellta-car.com/wp-content/plugins/elementor/assets/lib/eicons/fonts/eiconsf884f884.ttf]
[C:/Users/أبو الوليد/Desktop/2222/halid/dellta-car.com/wp-content/plugins/elementor/assets/lib/eicons/css/elementor-icons.min87e887e8.css]
[C:/Users/أبو الوليد/Desktop/2222/halid/dellta-car.com/wp-content/plugins/elementor/assets/lib/animations/animations.min7c537c53.css]
[C:/Users/أبو الوليد/Desktop/2222/halid/dellta-car.com/wp-content/plugins/elementor/assets/css/frontend-rtl.min7c537c53.css]
[C:/Users/أبو الوليد/Desktop/2222/halid/dellta-car.com/wp-content/plugins/elementor-pro/assets/css/frontend-rtl.minc27bc27b.css]
[C:/Users/أبو الوليد/Desktop/2222/halid/dellta-car.com/wp-content/uploads/elementor/css/global3e2c3e2c.css]
[C:/Users/أبو الوليد/Desktop/2222/halid/dellta-car.com/wp-content/uploads/elementor/css/post-4159055905.css]
[C:/Users/أبو الوليد/Desktop/2222/halid/dellta-car.com/wp-content/uploads/2021/05/wp2185492-car-interior-wallpapers.jpg]
[C:/Users/أبو الوليد/Desktop/2222/halid/dellta-car.com/wp-content/uploads/2021/05/thumb_02.jpg]
[C:/Users/أبو الوليد/Desktop/2222/halid/dellta-car.com/wp-content/uploads/2021/05/cadillac-escalade-maintenance.jpg]
[C:/Users/أبو الوليد/Desktop/2222/halid/dellta-car.com/wp-content/uploads/2021/05/taho-2021.jpg]
[C:/Users/أبو الوليد/Desktop/2222/halid/dellta-car.com/wp-content/uploads/2021/05/mercedes-benz-amg-gt-.jpg]
[C:/Users/أبو الوليد/Desktop/2222/halid/dellta-car.com/wp-content/uploads/2021/05/auto-repair-services.jpg]
[C:/Users/أبو الوليد/Desktop/2222/halid/dellta-car.com/wp-content/uploads/2021/05/background-white2.jpg]
[C:/Users/أبو الوليد/Desktop/2222/halid/dellta-car.com/wp-content/uploads/2021/05/taho_mudel.png]
[C:/Users/أبو الوليد/Desktop/2222/halid/gearstar-ksa.com/wp-content/uploads/2021/05/cadillac_mudel1.png]
[C:/Users/أبو الوليد/Desktop/2222/halid/dellta-car.com/wp-content/uploads/2021/05/Tajawal-Medium.ttf]
[C:/Users/أبو الوليد/Desktop/2222/halid/dellta-car.com/wp-content/uploads/2021/05/Tajawal-Bold.ttf]
[C:/Users/أبو الوليد/Desktop/2222/halid/dellta-car.com/wp-content/uploads/2021/05/Tajawal-ExtraLight.ttf]
[C:/Users/أبو الوليد/Desktop/2222/halid/dellta-car.com/wp-content/uploads/2021/05/Tajawal-Regular.ttf]
[C:/Users/أبو الوليد/Desktop/2222/halid/dellta-car.com/wp-content/uploads/elementor/css/post-12e905e905.css]
[C:/Users/أبو الوليد/Desktop/2222/halid/dellta-car.com/wp-content/uploads/elementor/css/post-2569ce69ce.css]
[C:/Users/أبو الوليد/Desktop/2222/halid/dellta-car.com/wp-content/uploads/elementor/css/post-121608710871.css]
[C:/Users/أبو الوليد/Desktop/2222/halid/dellta-car.com/fonts.googleapis.com/earlyaccess/droidarabickufi080f080f.html]
[C:/Users/أبو الوليد/Desktop/2222/halid/dellta-car.com/wp-content/plugins/elementor/assets/lib/font-awesome/css/fontawesome.minb683b683.css]
[C:/Users/أبو الوليد/Desktop/2222/halid/dellta-car.com/wp-content/plugins/elementor/assets/lib/font-awesome/webfonts/fa-solid-900.eot]
[C:/Users/أبو الوليد/Desktop/2222/halid/dellta-car.com/wp-content/plugins/elementor/assets/lib/font-awesome/webfonts/fa-solid-900d41dd41d.eot]
[C:/Users/أبو الوليد/Desktop/2222/halid/dellta-car.com/wp-content/plugins/elementor/assets/lib/font-awesome/webfonts/fa-solid-900.woff2]
[C:/Users/أبو الوليد/Desktop/2222/halid/dellta-car.com/wp-content/plugins/elementor/assets/lib/font-awesome/webfonts/fa-solid-900.woff]
[C:/Users/أبو الوليد/Desktop/2222/halid/dellta-car.com/wp-content/plugins/elementor/assets/lib/font-awesome/webfonts/fa-solid-900.ttf]
[C:/Users/أبو الوليد/Desktop/2222/halid/dellta-car.com/wp-content/plugins/elementor/assets/lib/font-awesome/css/solid.minb683b683.css]
[C:/Users/أبو الوليد/Desktop/2222/halid/dellta-car.com/wp-content/plugins/elementor/assets/lib/font-awesome/webfonts/fa-brands-400.eot]
[C:/Users/أبو الوليد/Desktop/2222/halid/dellta-car.com/wp-content/plugins/elementor/assets/lib/font-awesome/webfonts/fa-brands-400d41dd41d.eot]
[C:/Users/أبو الوليد/Desktop/2222/halid/dellta-car.com/wp-content/plugins/elementor/assets/lib/font-awesome/webfonts/fa-brands-400.woff2]
[C:/Users/أبو الوليد/Desktop/2222/halid/dellta-car.com/wp-content/plugins/elementor/assets/lib/font-awesome/webfonts/fa-brands-400.woff]
[C:/Users/أبو الوليد/Desktop/2222/halid/dellta-car.com/wp-content/plugins/elementor/assets/lib/font-awesome/webfonts/fa-brands-400.ttf]
[C:/Users/أبو الوليد/Desktop/2222/halid/dellta-car.com/wp-content/plugins/elementor/assets/lib/font-awesome/css/brands.minb683b683.css]
[C:/Users/أبو الوليد/Desktop/2222/halid/dellta-car.com/wp-json/index.html]
[C:/Users/أبو الوليد/Desktop/2222/halid/dellta-car.com/xmlrpc0db00db0.html]
[C:/Users/أبو الوليد/Desktop/2222/halid/dellta-car.com/wp-json/oembed/1.0/embede787e787.html]
[C:/Users/أبو الوليد/Desktop/2222/halid/dellta-car.com/wp-content/plugins/elementor/assets/lib/eicons/fonts/eiconsf884f884.svg]
[C:/Users/أبو الوليد/Desktop/2222/halid/dellta-car.com/wp-content/plugins/elementor/assets/lib/font-awesome/webfonts/fa-solid-900.svg]
[C:/Users/أبو الوليد/Desktop/2222/halid/dellta-car.com/wp-content/plugins/elementor/assets/lib/font-awesome/webfonts/fa-brands-400.svg]
